EN debounce NULL /home/ise/ise_projs/T3/cron_basq/debounce.vhd sub00/vhpl02 1763051616
AR cron_basq_pi cron_basq_pi /home/ise/ise_projs/T3/cron_basq/t3.vhd sub00/vhpl05 1763051619
AR debounce debounce /home/ise/ise_projs/T3/cron_basq/debounce.vhd sub00/vhpl03 1763051617
AR dspl_drv dspl_drv /home/ise/ise_projs/T3/cron_basq/dp_driver.vhd sub00/vhpl01 1763051615
EN dspl_drv NULL /home/ise/ise_projs/T3/cron_basq/dp_driver.vhd sub00/vhpl00 1763051614
EN cron_basq_pi NULL /home/ise/ise_projs/T3/cron_basq/t3.vhd sub00/vhpl04 1763051618
