V3 16
FL /home/ise/ise_projs/hdl2/HDL/HDL/T3/cron_basq/debounce.vhd 2025/11/11.00:47:36 P.20131013
FL /home/ise/ise_projs/hdl2/HDL/HDL/T3/cron_basq/dp_driver.vhd 2025/11/11.00:47:36 P.20131013
FL /home/ise/ise_projs/hdl2/HDL/HDL/T3/cron_basq/t3.vhd 2025/11/11.02:51:34 P.20131013
FL /home/ise/ise_projs/T3/cron_basq/debounce.vhd 2025/11/11.00:25:08 P.20131013
EN work/Debounce 1763051616 FL /home/ise/ise_projs/T3/cron_basq/debounce.vhd \
      PB ieee/std_logic_1164 1381692176 PB ieee/STD_LOGIC_UNSIGNED 1381692179
AR work/Debounce/Debounce 1763051617 \
      FL /home/ise/ise_projs/T3/cron_basq/debounce.vhd EN work/Debounce 1763051616
FL /home/ise/ise_projs/T3/cron_basq/dp_driver.vhd 2025/11/11.00:04:58 P.20131013
EN work/dspl_drv 1763051614 FL /home/ise/ise_projs/T3/cron_basq/dp_driver.vhd \
      PB ieee/std_logic_1164 1381692176 PB ieee/STD_LOGIC_UNSIGNED 1381692179
AR work/dspl_drv/dspl_drv 1763051615 \
      FL /home/ise/ise_projs/T3/cron_basq/dp_driver.vhd EN work/dspl_drv 1763051614 \
      CP with
FL /home/ise/ise_projs/T3/cron_basq/t3.vhd 2025/11/13.16:33:22 P.20131013
EN work/cron_basq_PI 1763051618 FL /home/ise/ise_projs/T3/cron_basq/t3.vhd \
      PB ieee/std_logic_1164 1381692176 PB ieee/NUMERIC_STD 1381692181 LB work
AR work/cron_basq_PI/cron_basq_PI 1763051619 \
      FL /home/ise/ise_projs/T3/cron_basq/t3.vhd EN work/cron_basq_PI 1763051618 \
      CP work/dspl_drv CP work/Debounce
