V3 13
FL /home/ise/ise_projs/hdl2/HDL/HDL/T3/cron_basq/debounce.vhd 2025/11/11.00:47:36 P.20131013
EN work/Debounce 1762829527 \
      FL /home/ise/ise_projs/hdl2/HDL/HDL/T3/cron_basq/debounce.vhd \
      PB ieee/std_logic_1164 1381692176 PB ieee/STD_LOGIC_UNSIGNED 1381692179
AR work/Debounce/Debounce 1762829528 \
      FL /home/ise/ise_projs/hdl2/HDL/HDL/T3/cron_basq/debounce.vhd \
      EN work/Debounce 1762829527
FL /home/ise/ise_projs/hdl2/HDL/HDL/T3/cron_basq/dp_driver.vhd 2025/11/11.00:47:36 P.20131013
EN work/dspl_drv 1762829525 \
      FL /home/ise/ise_projs/hdl2/HDL/HDL/T3/cron_basq/dp_driver.vhd \
      PB ieee/std_logic_1164 1381692176 PB ieee/STD_LOGIC_UNSIGNED 1381692179
AR work/dspl_drv/dspl_drv 1762829526 \
      FL /home/ise/ise_projs/hdl2/HDL/HDL/T3/cron_basq/dp_driver.vhd \
      EN work/dspl_drv 1762829525 CP with
FL /home/ise/ise_projs/hdl2/HDL/HDL/T3/cron_basq/t3.vhd 2025/11/11.02:51:34 P.20131013
EN work/cron_basq_PI 1762829529 \
      FL /home/ise/ise_projs/hdl2/HDL/HDL/T3/cron_basq/t3.vhd \
      PB ieee/std_logic_1164 1381692176 PB ieee/NUMERIC_STD 1381692181 LB work
AR work/cron_basq_PI/cron_basq_PI 1762829530 \
      FL /home/ise/ise_projs/hdl2/HDL/HDL/T3/cron_basq/t3.vhd \
      EN work/cron_basq_PI 1762829529 CP work/dspl_drv CP work/Debounce
